../Core/Src/ff.c:19:16:check_mount	32	static
../Core/Src/ff.c:85:13:mem_cpy	32	static
../Core/Src/ff.c:92:13:mem_set	32	static
../Core/Src/ff.c:98:12:mem_cmp	40	static
../Core/Src/ff.c:149:16:move_window	24	static
../Core/Src/ff.c:178:16:sync_fs	24	static
../Core/Src/ff.c:207:14:clust2sect	16	static
../Core/Src/ff.c:215:14:get_fat	32	static
../Core/Src/ff.c:255:16:put_fat	40	static
../Core/Src/ff.c:305:16:remove_chain	24	static
../Core/Src/ff.c:347:14:create_chain	32	static
../Core/Src/ff.c:394:16:dir_sdi	32	static
../Core/Src/ff.c:440:16:dir_register	16	static
../Core/Src/ff.c:454:16:dir_find	32	static
../Core/Src/ff.c:477:13:create_name	40	static
../Core/Src/ff.c:501:9:f_mount	32	static
../Core/Src/ff.c:523:9:f_open	72	static
../Core/Src/ff.c:613:9:f_read	48	static
../Core/Src/ff.c:662:9:f_write	40	static
../Core/Src/ff.c:731:9:f_sync	16	static
../Core/Src/ff.c:737:9:f_close	16	static
../Core/Src/ff.c:742:9:f_lseek	32	static
../Core/Src/ff.c:767:9:f_opendir	24	static
../Core/Src/ff.c:782:9:f_readdir	24	static
../Core/Src/ff.c:813:9:f_getfree	40	static
../Core/Src/ff.c:850:9:f_closedir	16	static
../Core/Src/ff.c:856:5:f_puts	24	static
