../Core/Src/sd_spi.c:23:12:select	8	static
../Core/Src/sd_spi.c:33:13:deselect	8	static
../Core/Src/sd_spi.c:40:13:xchg_spi	32	static
../Core/Src/sd_spi.c:48:13:rcvr_spi_multi	16	static
../Core/Src/sd_spi.c:54:13:xmit_spi_multi	16	static
../Core/Src/sd_spi.c:64:12:wait_ready	16	static
../Core/Src/sd_spi.c:81:13:get_crc7	24	static
../Core/Src/sd_spi.c:98:13:send_cmd	64	static
../Core/Src/sd_spi.c:167:9:SD_disk_initialize	104	static
../Core/Src/sd_spi.c:273:9:SD_disk_status	4	static
../Core/Src/sd_spi.c:283:9:SD_disk_read	40	static
../Core/Src/sd_spi.c:351:9:SD_disk_write	32	static
../Core/Src/sd_spi.c:408:9:SD_disk_ioctl	120	static
